mysql> SHOW STORAGE UNITS;
+-----------+-------+-----------+------+----------+---------------------------------+---------------------------+---------------------------+---------------+---------------+-----------+-----------------------------------------------------------------------------------------------------------------------------------------------------------------------------------------------------------------------------------------------------------------------------------------------------------------------------------+
| name      | type  | host      | port | db       | connection_timeout_milliseconds | idle_timeout_milliseconds | max_lifetime_milliseconds | max_pool_size | min_pool_size | read_only | other_attributes                                                                                                                                                                                                                                                                                                                  |
+-----------+-------+-----------+------+----------+---------------------------------+---------------------------+---------------------------+---------------+---------------+-----------+-----------------------------------------------------------------------------------------------------------------------------------------------------------------------------------------------------------------------------------------------------------------------------------------------------------------------------------+
| source_ds | MySQL | source-db | 3306 | sourcedb | 30000                           | 30000                     | 2100000                   | 10            | 1             | false     | {"healthCheckProperties":{},"initializationFailTimeout":1,"validationTimeout":5000,"keepaliveTime":0,"leakDetectionThreshold":0,"registerMbeans":false,"allowPoolSuspension":false,"autoCommit":true,"isolateInternalQueries":false,"queryProperties":{"allowPublicKeyRetrieval":"true","serverTimezone":"UTC","useSSL":"false"}} |
| target_ds | MySQL | target-db | 3306 | targetdb | 30000                           | 30000                     | 2100000                   | 10            | 1             | false     | {"healthCheckProperties":{},"initializationFailTimeout":1,"validationTimeout":5000,"keepaliveTime":0,"leakDetectionThreshold":0,"registerMbeans":false,"allowPoolSuspension":false,"autoCommit":true,"isolateInternalQueries":false,"queryProperties":{"allowPublicKeyRetrieval":"true","serverTimezone":"UTC","useSSL":"false"}} |
+-----------+-------+-----------+------+----------+---------------------------------+---------------------------+---------------------------+---------------+---------------+-----------+-----------------------------------------------------------------------------------------------------------------------------------------------------------------------------------------------------------------------------------------------------------------------------------------------------------------------------------+
2 rows in set (0.01 sec)

mysql> SHOW STORAGE UNITS;
+-----------+-------+-----------+------+----------+---------------------------------+---------------------------+---------------------------+---------------+---------------+-----------+-----------------------------------------------------------------------------------------------------------------------------------------------------------------------------------------------------------------------------------------------------------------------------------------------------------------------------------+
| name      | type  | host      | port | db       | connection_timeout_milliseconds | idle_timeout_milliseconds | max_lifetime_milliseconds | max_pool_size | min_pool_size | read_only | other_attributes                                                                                                                                                                                                                                                                                                                  |
+-----------+-------+-----------+------+----------+---------------------------------+---------------------------+---------------------------+---------------+---------------+-----------+-----------------------------------------------------------------------------------------------------------------------------------------------------------------------------------------------------------------------------------------------------------------------------------------------------------------------------------+
| source_ds | MySQL | source-db | 3306 | sourcedb | 30000                           | 30000                     | 2100000                   | 10            | 1             | false     | {"healthCheckProperties":{},"initializationFailTimeout":1,"validationTimeout":5000,"keepaliveTime":0,"leakDetectionThreshold":0,"registerMbeans":false,"allowPoolSuspension":false,"autoCommit":true,"isolateInternalQueries":false,"queryProperties":{"allowPublicKeyRetrieval":"true","serverTimezone":"UTC","useSSL":"false"}} |
| target_ds | MySQL | target-db | 3306 | targetdb | 30000                           | 30000                     | 2100000                   | 10            | 1             | false     | {"healthCheckProperties":{},"initializationFailTimeout":1,"validationTimeout":5000,"keepaliveTime":0,"leakDetectionThreshold":0,"registerMbeans":false,"allowPoolSuspension":false,"autoCommit":true,"isolateInternalQueries":false,"queryProperties":{"allowPublicKeyRetrieval":"true","serverTimezone":"UTC","useSSL":"false"}} |
+-----------+-------+-----------+------+----------+---------------------------------+---------------------------+---------------------------+---------------+---------------+-----------+-----------------------------------------------------------------------------------------------------------------------------------------------------------------------------------------------------------------------------------------------------------------------------------------------------------------------------------+
2 rows in set (0.01 sec)

mysql> SHOW STORAGE UNITS;
+-----------+-------+-----------+------+----------+---------------------------------+---------------------------+---------------------------+---------------+---------------+-----------+-----------------------------------------------------------------------------------------------------------------------------------------------------------------------------------------------------------------------------------------------------------------------------------------------------------------------------------+
| name      | type  | host      | port | db       | connection_timeout_milliseconds | idle_timeout_milliseconds | max_lifetime_milliseconds | max_pool_size | min_pool_size | read_only | other_attributes                                                                                                                                                                                                                                                                                                                  |
+-----------+-------+-----------+------+----------+---------------------------------+---------------------------+---------------------------+---------------+---------------+-----------+-----------------------------------------------------------------------------------------------------------------------------------------------------------------------------------------------------------------------------------------------------------------------------------------------------------------------------------+
| target_ds | MySQL | target-db | 3306 | targetdb | 30000                           | 30000                     | 2100000                   | 10            | 1             | false     | {"healthCheckProperties":{},"initializationFailTimeout":1,"validationTimeout":5000,"keepaliveTime":0,"leakDetectionThreshold":0,"registerMbeans":false,"allowPoolSuspension":false,"autoCommit":true,"isolateInternalQueries":false,"queryProperties":{"allowPublicKeyRetrieval":"true","serverTimezone":"UTC","useSSL":"false"}} |
+-----------+-------+-----------+------+----------+---------------------------------+---------------------------+---------------------------+---------------+---------------+-----------+-----------------------------------------------------------------------------------------------------------------------------------------------------------------------------------------------------------------------------------------------------------------------------------------------------------------------------------+
1 row in set (0.05 sec)

mysql> SHOW MIGRATION LIST;
+--------------------------------------------+------------------+----------------+--------+---------------------+-----------+
| id                                         | tables           | job_item_count | active | create_time         | stop_time |
+--------------------------------------------+------------------+----------------+--------+---------------------+-----------+
| j0102p00001cc51758b0bb913cfa5568fa9e83a502 | source_ds.users  | 1              | true   | 2025-10-22 15:51:52 |           |
| j0102p0000fe0db42c84f296676fb257cd03f40eb0 | source_ds.orders | 1              | true   | 2025-10-22 15:51:53 |           |
+--------------------------------------------+------------------+----------------+--------+---------------------+-----------+
2 rows in set (0.02 sec)

mysql> SHOW MIGRATION STATUS 'j0102p00001cc51758b0bb913cfa5568fa9e83a502';
+------+-------------+-----------------+--------------------------+--------+-------------------------+-------------------------------+--------------------------+---------------+
| item | data_source | tables          | status                   | active | processed_records_count | inventory_finished_percentage | incremental_idle_seconds | error_message |
+------+-------------+-----------------+--------------------------+--------+-------------------------+-------------------------------+--------------------------+---------------+
| 0    | source_ds   | source_ds.users | EXECUTE_INCREMENTAL_TASK | true   | 100000                  | 100                           |                          |               |
+------+-------------+-----------------+--------------------------+--------+-------------------------+-------------------------------+--------------------------+---------------+
1 row in set (0.08 sec)

mysql> SHOW MIGRATION LIST;
+--------------------------------------------+------------------+----------------+--------+---------------------+-----------+
| id                                         | tables           | job_item_count | active | create_time         | stop_time |
+--------------------------------------------+------------------+----------------+--------+---------------------+-----------+
| j0102p00001cc51758b0bb913cfa5568fa9e83a502 | source_ds.users  | 1              | true   | 2025-10-22 17:47:11 |           |
| j0102p0000fe0db42c84f296676fb257cd03f40eb0 | source_ds.orders | 1              | true   | 2025-10-22 17:47:11 |           |
+--------------------------------------------+------------------+----------------+--------+---------------------+-----------+
2 rows in set (0.62 sec)

mysql> SHOW MIGRATION STATUS 'j0102p00001cc51758b0bb913cfa5568fa9e83a502';
+------+-------------+-----------------+------------------------+--------+-------------------------+-------------------------------+--------------------------+---------------+
| item | data_source | tables          | status                 | active | processed_records_count | inventory_finished_percentage | incremental_idle_seconds | error_message |
+------+-------------+-----------------+------------------------+--------+-------------------------+-------------------------------+--------------------------+---------------+
| 0    | source_ds   | source_ds.users | EXECUTE_INVENTORY_TASK | true   | 232000                  | 92                            |                          |               |
+------+-------------+-----------------+------------------------+--------+-------------------------+-------------------------------+--------------------------+---------------+
1 row in set (0.19 sec)

mysql> SHOW MIGRATION STATUS 'j0102p00001cc51758b0bb913cfa5568fa9e83a502';
+------+-------------+-----------------+------------------------+--------+-------------------------+-------------------------------+--------------------------+---------------+
| item | data_source | tables          | status                 | active | processed_records_count | inventory_finished_percentage | incremental_idle_seconds | error_message |
+------+-------------+-----------------+------------------------+--------+-------------------------+-------------------------------+--------------------------+---------------+
| 0    | source_ds   | source_ds.users | EXECUTE_INVENTORY_TASK | true   | 242000                  | 96                            |                          |               |
+------+-------------+-----------------+------------------------+--------+-------------------------+-------------------------------+--------------------------+---------------+
1 row in set (0.03 sec)

mysql> SHOW MIGRATION STATUS 'j0102p00001cc51758b0bb913cfa5568fa9e83a502';
+------+-------------+-----------------+------------------------+--------+-------------------------+-------------------------------+--------------------------+---------------+
| item | data_source | tables          | status                 | active | processed_records_count | inventory_finished_percentage | incremental_idle_seconds | error_message |
+------+-------------+-----------------+------------------------+--------+-------------------------+-------------------------------+--------------------------+---------------+
| 0    | source_ds   | source_ds.users | EXECUTE_INVENTORY_TASK | true   | 250000                  | 100                           |                          |               |
+------+-------------+-----------------+------------------------+--------+-------------------------+-------------------------------+--------------------------+---------------+
1 row in set (0.05 sec)

mysql> show migration list;
+--------------------------------------------+------------------+----------------+--------+---------------------+-----------+
| id                                         | tables           | job_item_count | active | create_time         | stop_time |
+--------------------------------------------+------------------+----------------+--------+---------------------+-----------+
| j0102p00001cc51758b0bb913cfa5568fa9e83a502 | source_ds.users  | 1              | true   | 2025-10-23 02:59:22 |           |
| j0102p0000fe0db42c84f296676fb257cd03f40eb0 | source_ds.orders | 1              | true   | 2025-10-23 02:59:22 |           |
+--------------------------------------------+------------------+----------------+--------+---------------------+-----------+
2 rows in set (0.01 sec)

mysql> show migration status 'j0102p00001cc51758b0bb913cfa5568fa9e83a502';
+------+-------------+-----------------+--------------------------+--------+-------------------------+-------------------------------+--------------------------+---------------+
| item | data_source | tables          | status                   | active | processed_records_count | inventory_finished_percentage | incremental_idle_seconds | error_message |
+------+-------------+-----------------+--------------------------+--------+-------------------------+-------------------------------+--------------------------+---------------+
| 0    | source_ds   | source_ds.users | EXECUTE_INCREMENTAL_TASK | true   | 0                       | 100                           |                          |               |
+------+-------------+-----------------+--------------------------+--------+-------------------------+-------------------------------+--------------------------+---------------+
1 row in set (0.01 sec)

mysql> SHOW MIGRATION SOURCE STORAGE UNITS;
+-----------+-------+-----------+------+----------+---------------------------------+---------------------------+---------------------------+---------------+---------------+-----------+------------------+
| name      | type  | host      | port | db       | connection_timeout_milliseconds | idle_timeout_milliseconds | max_lifetime_milliseconds | max_pool_size | min_pool_size | read_only | other_attributes |
+-----------+-------+-----------+------+----------+---------------------------------+---------------------------+---------------------------+---------------+---------------+-----------+------------------+
| source_ds | MySQL | source-db | 3306 | sourcedb |                                 | 30000                     |                           | 10            |               |           |                  |
+-----------+-------+-----------+------+----------+---------------------------------+---------------------------+---------------------------+---------------+---------------+-----------+------------------+
1 row in set (0.01 sec)

mysql> SHOW STORAGE UNITS;
+-----------+-------+-----------+------+----------+---------------------------------+---------------------------+---------------------------+---------------+---------------+-----------+-----------------------------------------------------------------------------------------------------------------------------------------------------------------------------------------------------------------------------------------------------------------------------------------------------------------------------------+
| name      | type  | host      | port | db       | connection_timeout_milliseconds | idle_timeout_milliseconds | max_lifetime_milliseconds | max_pool_size | min_pool_size | read_only | other_attributes                                                                                                                                                                                                                                                                                                                  |
+-----------+-------+-----------+------+----------+---------------------------------+---------------------------+---------------------------+---------------+---------------+-----------+-----------------------------------------------------------------------------------------------------------------------------------------------------------------------------------------------------------------------------------------------------------------------------------------------------------------------------------+
| target_ds | MySQL | target-db | 3306 | targetdb | 30000                           | 30000                     | 2100000                   | 10            | 1             | false     | {"healthCheckProperties":{},"initializationFailTimeout":1,"validationTimeout":5000,"keepaliveTime":0,"leakDetectionThreshold":0,"registerMbeans":false,"allowPoolSuspension":false,"autoCommit":true,"isolateInternalQueries":false,"queryProperties":{"allowPublicKeyRetrieval":"true","serverTimezone":"UTC","useSSL":"false"}} |
+-----------+-------+-----------+------+----------+---------------------------------+---------------------------+---------------------------+---------------+---------------+-----------+-----------------------------------------------------------------------------------------------------------------------------------------------------------------------------------------------------------------------------------------------------------------------------------------------------------------------------------+
1 row in set (0.01 sec)